// Jest Snapshot v1, https://goo.gl/fbAQLP

exports[`RoutingManager parseURL should parse refinements with more than 20 filters per category as array 1`] = `
Object {
  "refinementList": Object {
    "brand": Array [
      "brand-0",
      "brand-1",
      "brand-2",
      "brand-3",
      "brand-4",
      "brand-5",
      "brand-6",
      "brand-7",
      "brand-8",
      "brand-9",
      "brand-10",
      "brand-11",
      "brand-12",
      "brand-13",
      "brand-14",
      "brand-15",
      "brand-16",
      "brand-17",
      "brand-18",
      "brand-19",
      "brand-20",
      "brand-21",
    ],
  },
}
`;
