// Jest Snapshot v1, https://goo.gl/fbAQLP

exports[`connectGeoSearch Usage throws without render function 1`] = `
"The render function is not valid (received type Undefined).

See documentation: https://www.clinia.com/doc/api-reference/widgets/geo-search/js/#connector"
`;
