// Jest Snapshot v1, https://goo.gl/fbAQLP

exports[`Usage throws without container 1`] = `
"The \`container\` option is required.

See documentation: https://www.clinia.com/doc/api-reference/widgets/pagination/js/"
`;

exports[`pagination() calls twice render(<Pagination props />, container) 1`] = `
Object {
  "createURL": [Function],
  "cssClasses": Object {
    "disabledItem": "cvi-Pagination-item--disabled disabledItem",
    "firstPageItem": "cvi-Pagination-item--firstPage firstPageItem",
    "item": "cvi-Pagination-item item",
    "lastPageItem": "cvi-Pagination-item--lastPage lastPageItem",
    "link": "cvi-Pagination-link link",
    "list": "cvi-Pagination-list list",
    "nextPageItem": "cvi-Pagination-item--nextPage nextPageItem",
    "noRefinementRoot": "cvi-Pagination--noRefinement noRefinementRoot",
    "pageItem": "cvi-Pagination-item--page pageItem",
    "previousPageItem": "cvi-Pagination-item--previousPage previousPageItem",
    "root": "cvi-Pagination root customRoot",
    "selectedItem": "cvi-Pagination-item--selected selectedItem",
  },
  "currentPage": 0,
  "isFirstPage": true,
  "isLastPage": false,
  "numPages": 20,
  "pages": Array [
    0,
    1,
    2,
    3,
    4,
    5,
    6,
  ],
  "setCurrentPage": [Function],
  "showFirst": true,
  "showLast": true,
  "showNext": true,
  "showPrevious": true,
  "templates": Object {
    "first": "«",
    "last": "»",
    "next": "›",
    "previous": "‹",
  },
  "total": 200,
  "totalPages": undefined,
}
`;

exports[`pagination() calls twice render(<Pagination props />, container) 2`] = `
Object {
  "createURL": [Function],
  "cssClasses": Object {
    "disabledItem": "cvi-Pagination-item--disabled disabledItem",
    "firstPageItem": "cvi-Pagination-item--firstPage firstPageItem",
    "item": "cvi-Pagination-item item",
    "lastPageItem": "cvi-Pagination-item--lastPage lastPageItem",
    "link": "cvi-Pagination-link link",
    "list": "cvi-Pagination-list list",
    "nextPageItem": "cvi-Pagination-item--nextPage nextPageItem",
    "noRefinementRoot": "cvi-Pagination--noRefinement noRefinementRoot",
    "pageItem": "cvi-Pagination-item--page pageItem",
    "previousPageItem": "cvi-Pagination-item--previousPage previousPageItem",
    "root": "cvi-Pagination root customRoot",
    "selectedItem": "cvi-Pagination-item--selected selectedItem",
  },
  "currentPage": 0,
  "isFirstPage": true,
  "isLastPage": false,
  "numPages": 20,
  "pages": Array [
    0,
    1,
    2,
    3,
    4,
    5,
    6,
  ],
  "setCurrentPage": [Function],
  "showFirst": true,
  "showLast": true,
  "showNext": true,
  "showPrevious": true,
  "templates": Object {
    "first": "«",
    "last": "»",
    "next": "›",
    "previous": "‹",
  },
  "total": 200,
  "totalPages": undefined,
}
`;
